[2026-07-27 19:47:17Z INFO HostContext] No proxy settings were found based on environmental variables (http_proxy/https_proxy/HTTP_PROXY/HTTPS_PROXY)
[2026-07-27 19:47:17Z INFO HostContext] Well known directory 'Bin': 'C:\Users\siva9\appstars-gitops-demo\actions-runner\bin'
[2026-07-27 19:47:17Z INFO HostContext] Well known directory 'Root': 'C:\Users\siva9\appstars-gitops-demo\actions-runner'
[2026-07-27 19:47:17Z INFO HostContext] Well known config file 'Credentials': 'C:\Users\siva9\appstars-gitops-demo\actions-runner\.credentials'
[2026-07-27 19:47:17Z INFO HostContext] Well known directory 'Bin': 'C:\Users\siva9\appstars-gitops-demo\actions-runner\bin'
[2026-07-27 19:47:17Z INFO HostContext] Well known directory 'Root': 'C:\Users\siva9\appstars-gitops-demo\actions-runner'
[2026-07-27 19:47:17Z INFO HostContext] Well known config file 'Runner': 'C:\Users\siva9\appstars-gitops-demo\actions-runner\.runner'
[2026-07-27 19:47:17Z INFO Listener] Runner is built for Windows (X64) - win-x64.
[2026-07-27 19:47:17Z INFO Listener] RuntimeInformation: Microsoft Windows 10.0.19045.
[2026-07-27 19:47:17Z INFO Listener] Version: 2.336.0
[2026-07-27 19:47:17Z INFO Listener] Commit: 98aabcd429c4e8402406c56ce2d26387fed3b9ce
[2026-07-27 19:47:17Z INFO Listener] Culture: en-IN
[2026-07-27 19:47:17Z INFO Listener] UI Culture: en-GB
[2026-07-27 19:47:17Z INFO HostContext] Well known directory 'Bin': 'C:\Users\siva9\appstars-gitops-demo\actions-runner\bin'
[2026-07-27 19:47:17Z INFO HostContext] Well known directory 'Root': 'C:\Users\siva9\appstars-gitops-demo\actions-runner'
[2026-07-27 19:47:17Z INFO Listener] Validating directory permissions for: 'C:\Users\siva9\appstars-gitops-demo\actions-runner'
[2026-07-27 19:47:17Z INFO CommandLineParser] Parse
[2026-07-27 19:47:17Z INFO CommandLineParser] Parsing 1 args
[2026-07-27 19:47:17Z INFO CommandLineParser] parsing argument
[2026-07-27 19:47:17Z INFO CommandLineParser] HasArgs: False
[2026-07-27 19:47:17Z INFO CommandLineParser] Adding Command: run
[2026-07-27 19:47:17Z INFO Listener] Arguments parsed
[2026-07-27 19:47:17Z INFO Runner] ExecuteCommand
[2026-07-27 19:47:17Z INFO ConfigurationStore] currentAssemblyLocation: C:\Users\siva9\appstars-gitops-demo\actions-runner\bin\Runner.Listener.dll
[2026-07-27 19:47:17Z INFO HostContext] Well known directory 'Bin': 'C:\Users\siva9\appstars-gitops-demo\actions-runner\bin'
[2026-07-27 19:47:17Z INFO ConfigurationStore] binPath: C:\Users\siva9\appstars-gitops-demo\actions-runner\bin
[2026-07-27 19:47:17Z INFO HostContext] Well known directory 'Bin': 'C:\Users\siva9\appstars-gitops-demo\actions-runner\bin'
[2026-07-27 19:47:17Z INFO HostContext] Well known directory 'Root': 'C:\Users\siva9\appstars-gitops-demo\actions-runner'
[2026-07-27 19:47:17Z INFO ConfigurationStore] RootFolder: C:\Users\siva9\appstars-gitops-demo\actions-runner
[2026-07-27 19:47:17Z INFO HostContext] Well known directory 'Bin': 'C:\Users\siva9\appstars-gitops-demo\actions-runner\bin'
[2026-07-27 19:47:17Z INFO HostContext] Well known directory 'Root': 'C:\Users\siva9\appstars-gitops-demo\actions-runner'
[2026-07-27 19:47:17Z INFO HostContext] Well known config file 'Runner': 'C:\Users\siva9\appstars-gitops-demo\actions-runner\.runner'
[2026-07-27 19:47:17Z INFO ConfigurationStore] ConfigFilePath: C:\Users\siva9\appstars-gitops-demo\actions-runner\.runner
[2026-07-27 19:47:17Z INFO HostContext] Well known directory 'Bin': 'C:\Users\siva9\appstars-gitops-demo\actions-runner\bin'
[2026-07-27 19:47:17Z INFO HostContext] Well known directory 'Root': 'C:\Users\siva9\appstars-gitops-demo\actions-runner'
[2026-07-27 19:47:17Z INFO HostContext] Well known config file 'MigratedRunner': 'C:\Users\siva9\appstars-gitops-demo\actions-runner\.runner_migrated'
[2026-07-27 19:47:17Z INFO ConfigurationStore] MigratedConfigFilePath: C:\Users\siva9\appstars-gitops-demo\actions-runner\.runner_migrated
[2026-07-27 19:47:17Z INFO HostContext] Well known directory 'Bin': 'C:\Users\siva9\appstars-gitops-demo\actions-runner\bin'
[2026-07-27 19:47:17Z INFO HostContext] Well known directory 'Root': 'C:\Users\siva9\appstars-gitops-demo\actions-runner'
[2026-07-27 19:47:17Z INFO HostContext] Well known config file 'Credentials': 'C:\Users\siva9\appstars-gitops-demo\actions-runner\.credentials'
[2026-07-27 19:47:17Z INFO ConfigurationStore] CredFilePath: C:\Users\siva9\appstars-gitops-demo\actions-runner\.credentials
[2026-07-27 19:47:17Z INFO HostContext] Well known directory 'Bin': 'C:\Users\siva9\appstars-gitops-demo\actions-runner\bin'
[2026-07-27 19:47:17Z INFO HostContext] Well known directory 'Root': 'C:\Users\siva9\appstars-gitops-demo\actions-runner'
[2026-07-27 19:47:17Z INFO HostContext] Well known config file 'MigratedCredentials': 'C:\Users\siva9\appstars-gitops-demo\actions-runner\.credentials_migrated'
[2026-07-27 19:47:17Z INFO ConfigurationStore] MigratedCredFilePath: C:\Users\siva9\appstars-gitops-demo\actions-runner\.credentials_migrated
[2026-07-27 19:47:17Z INFO HostContext] Well known directory 'Bin': 'C:\Users\siva9\appstars-gitops-demo\actions-runner\bin'
[2026-07-27 19:47:17Z INFO HostContext] Well known directory 'Root': 'C:\Users\siva9\appstars-gitops-demo\actions-runner'
[2026-07-27 19:47:17Z INFO HostContext] Well known config file 'Service': 'C:\Users\siva9\appstars-gitops-demo\actions-runner\.service'
[2026-07-27 19:47:17Z INFO ConfigurationStore] ServiceConfigFilePath: C:\Users\siva9\appstars-gitops-demo\actions-runner\.service
[2026-07-27 19:47:17Z INFO CommandSettings] Flag 'help': 'False'
[2026-07-27 19:47:17Z INFO CommandSettings] Flag 'version': 'False'
[2026-07-27 19:47:17Z INFO CommandSettings] Flag 'commit': 'False'
[2026-07-27 19:47:17Z INFO CommandSettings] Flag 'check': 'False'
[2026-07-27 19:47:17Z INFO CommandSettings] Command 'configure': 'False'
[2026-07-27 19:47:17Z INFO CommandSettings] Command 'remove': 'False'
[2026-07-27 19:47:17Z INFO CommandSettings] Command 'warmup': 'False'
[2026-07-27 19:47:17Z INFO ConfigurationManager] LoadSettings
[2026-07-27 19:47:17Z INFO ConfigurationStore] IsConfigured()
[2026-07-27 19:47:17Z INFO ConfigurationStore] IsConfigured: True
[2026-07-27 19:47:17Z INFO ConfigurationManager] Is configured: True
[2026-07-27 19:47:17Z INFO ConfigurationStore] Read setting file: 422 chars
[2026-07-27 19:47:17Z INFO ConfigurationManager] Settings Loaded
[2026-07-27 19:47:17Z INFO ConfigurationStore] IsServiceConfigured()
[2026-07-27 19:47:17Z INFO ConfigurationStore] IsServiceConfigured: False
[2026-07-27 19:47:17Z INFO CommandSettings] Command 'run': 'True'
[2026-07-27 19:47:17Z INFO ConfigurationStore] IsConfigured()
[2026-07-27 19:47:17Z INFO ConfigurationStore] IsConfigured: True
[2026-07-27 19:47:17Z INFO ConfigurationManager] Is configured: True
[2026-07-27 19:47:17Z INFO Runner] Could not parse the argument value '' for StartupType. Defaulting to Manual
[2026-07-27 19:47:17Z INFO Runner] Set runner startup type - Manual
[2026-07-27 19:47:17Z INFO CommandSettings] Flag 'once': 'False'
[2026-07-27 19:47:17Z INFO CommandSettings] Flag 'once': 'False'
[2026-07-27 19:47:17Z INFO Runner] RunAsync
[2026-07-27 19:47:17Z INFO HostContext] Well known directory 'Bin': 'C:\Users\siva9\appstars-gitops-demo\actions-runner\bin'
[2026-07-27 19:47:17Z INFO HostContext] Well known directory 'Root': 'C:\Users\siva9\appstars-gitops-demo\actions-runner'
[2026-07-27 19:47:17Z INFO HostContext] Well known directory 'Work': 'C:\Users\siva9\appstars-gitops-demo\actions-runner\_work'
[2026-07-27 19:47:17Z INFO Runner] Validating directory permissions for: 'C:\Users\siva9\appstars-gitops-demo\actions-runner\_work'
[2026-07-27 19:47:17Z INFO ConfigurationManager] LoadMigratedSettings
[2026-07-27 19:47:17Z INFO ConfigurationStore] IsMigratedConfigured()
[2026-07-27 19:47:17Z INFO ConfigurationStore] IsMigratedConfigured: False
[2026-07-27 19:47:17Z INFO Runner] Failed to load migrated settings: No migrated configuration found.
[2026-07-27 19:47:17Z INFO Runner] Falling back to original .runner settings
[2026-07-27 19:47:17Z INFO Runner] Using BrokerMessageListener
[2026-07-27 19:47:17Z INFO BrokerMessageListener] Using provided settings
[2026-07-27 19:47:17Z INFO BrokerMessageListener] {
  "AgentId": 2,
  "AgentName": "DESKTOP-QRN1DH7",
  "PoolId": 1,
  "PoolName": "Default",
  "ServerUrl": "https://pipelinesghubeus26.actions.githubusercontent.com/vCW1ur2HeIQqmuX8ek4kpHjuvt94Y9SHKFwGArIGB3SadhPXxp/",
  "GitHubUrl": "https://github.com/SivaShankarRajendran16/appstars-gitops-demo",
  "WorkFolder": "_work",
  "UseV2Flow": true,
  "ServerUrlV2": "https://broker.actions.githubusercontent.com/"
}
[2026-07-27 19:47:17Z INFO BrokerMessageListener] Loading Credentials
[2026-07-27 19:47:17Z INFO ConfigurationStore] HasCredentials()
[2026-07-27 19:47:17Z INFO ConfigurationStore] stored True
[2026-07-27 19:47:17Z INFO CredentialManager] GetCredentialProvider
[2026-07-27 19:47:17Z INFO CredentialManager] Creating type OAuth
[2026-07-27 19:47:17Z INFO CredentialManager] Creating credential type: OAuth
[2026-07-27 19:47:17Z INFO HostContext] Well known directory 'Bin': 'C:\Users\siva9\appstars-gitops-demo\actions-runner\bin'
[2026-07-27 19:47:17Z INFO HostContext] Well known directory 'Root': 'C:\Users\siva9\appstars-gitops-demo\actions-runner'
[2026-07-27 19:47:17Z INFO HostContext] Well known config file 'RSACredentials': 'C:\Users\siva9\appstars-gitops-demo\actions-runner\.credentials_rsaparams'
[2026-07-27 19:47:17Z INFO RSAEncryptedFileKeyManager] Loading RSA key parameters from file C:\Users\siva9\appstars-gitops-demo\actions-runner\.credentials_rsaparams
[2026-07-27 19:47:17Z INFO BrokerMessageListener] Attempt to create session.
[2026-07-27 19:47:17Z INFO BrokerMessageListener] Connecting to the Broker Server...
[2026-07-27 19:47:17Z INFO ConfigurationStore] HasCredentials()
[2026-07-27 19:47:17Z INFO ConfigurationStore] stored True
[2026-07-27 19:47:17Z INFO CredentialManager] GetCredentialProvider
[2026-07-27 19:47:17Z INFO CredentialManager] Creating type OAuth
[2026-07-27 19:47:17Z INFO CredentialManager] Creating credential type: OAuth
[2026-07-27 19:47:17Z INFO RSAEncryptedFileKeyManager] Loading RSA key parameters from file C:\Users\siva9\appstars-gitops-demo\actions-runner\.credentials_rsaparams
[2026-07-27 19:47:17Z INFO BrokerMessageListener] VssConnection created
[2026-07-27 19:47:17Z INFO BrokerMessageListener] Connecting to the Runner server...
[2026-07-27 19:47:17Z INFO RunnerServer] EstablishVssConnection
[2026-07-27 19:47:17Z INFO RunnerServer] Establish connection with 100 seconds timeout.
[2026-07-27 19:47:17Z INFO GitHubActionsService] Starting operation Location.GetConnectionData
[2026-07-27 19:47:17Z INFO RunnerServer] EstablishVssConnection
[2026-07-27 19:47:17Z INFO RunnerServer] Establish connection with 60 seconds timeout.
[2026-07-27 19:47:17Z INFO GitHubActionsService] Starting operation Location.GetConnectionData
[2026-07-27 19:47:17Z INFO RunnerServer] EstablishVssConnection
[2026-07-27 19:47:17Z INFO RunnerServer] Establish connection with 60 seconds timeout.
[2026-07-27 19:47:17Z INFO GitHubActionsService] Starting operation Location.GetConnectionData
